npm : npm notice run client@0.0.0 build
At line:1 char:1
+ npm run build 2>&1 | Out-File -FilePath build-output.txt -Encoding ut ...
+ ~~~~~~~~~~~~~~~~~~
    + CategoryInfo          : NotSpecified: (npm notice run client@0.0.0 build 
   :String) [], RemoteException
    + FullyQualifiedErrorId : NativeCommandError
 
npm notice run tsc -b && vite build
[36mvite v8.3.0 [32mbuilding client environment for production...[36m[39m
transforming...
